Python 3.3.2+ (default, Feb 28 2014, 00:52:16) 
[GCC 4.8.1] on linux
Type "help", "copyright", "credits" or "license" for more information.
>>> 1 or 0
1
>>> 0 or 1
1
>>> 1 or 1/0
1
>>> 'this' or that or 'this other thing'
'this'
>>> 'this' and that or 'this other thing'
Traceback (most recent call last):
  File "<stdin>", line 1, in <module>
NameError: name 'that' is not defined
>>> lambda x: x * x
<function <lambda> at 0x7fc629422440>
>>> def boom():
...   return 1 / 0
... 
>>> return 'foo'
  File "<stdin>", line 1
SyntaxError: 'return' outside function
>>> print('foo')
foo
>>> a = print('foo')
foo
>>> a
>>> print(a)
None
>>> (lambda x: x(x))(lambda y: 4)
4
>>> def foo(x):
...   x + x
...   return x
... 
>>> foo(4)
4
>>> def bar(x):
...   x = 8302
...   return x
... 
>>> bar(foo(4))
8302
>>> def baz():
...   return x
... 
>>> baz()
Traceback (most recent call last):
  File "<stdin>", line 1, in <module>
  File "<stdin>", line 2, in baz
NameError: global name 'x' is not defined
>>> x = 10
>>> baz()
10
>>> def foo(a, b, c):
...   if a + 3 == c:
...     return 'hello'
...   else:
...     return 'goodbye'
... 
>>> foo(1, 2, 1/0)
Traceback (most recent call last):
  File "<stdin>", line 1, in <module>
ZeroDivisionError: division by zero
>>> foo(1, 1/0, 2)
Traceback (most recent call last):
  File "<stdin>", line 1, in <module>
ZeroDivisionError: division by zero
>>> def garply():
...   print('I go first!')
...   return foo
... 
>>> garply()(1, 2, 3)
I go first!
'goodbye'
>>> garply()(1, 2+5, 3)
I go first!
'goodbye'
>>> def xyzzy(2, 3):
  File "<stdin>", line 1
    def xyzzy(2, 3):
              ^
SyntaxError: invalid syntax
>>> def xyzzy(x, y):
...   print('I go second')
...   return x + y
... 
>>> garply()(xyzzy(2, 3), 4, 5)
I go first!
I go second
'goodbye'
>>> 


